Feature: ambiguous
  Scenario: ambiguous
   âœ˜  Given foo is 0 ambiguous
      Step failed:
      Defined: tests/features/output/ambiguous_step.feature:3:5
      Step match is ambiguous: Possible matches:
      foo is (\d+) --> tests/output.rs:9:1
      foo is (\d+) ambiguous --> tests/output.rs:17:1