Feature: Outline
  Scenario Outline: foo
   ✔> Given foo is 0
   ✔  Given foo is 1
   ✔  When foo is 2
   ✔  Then foo is 3
