Feature: Outline
Rule: outline
    Scenario Outline: foo 2
     ✔> Given foo is 0
     ✔> Given foo is 1
     ✔  Given foo is 2
     ✔  When foo is 3
     ✔  Then foo is 4
