Feature: output
Rule: output
    Scenario: output
     ✔> Given foo is 0
     ✔> Given foo is 1
     ✔  Given foo is 2
     ✔  When foo is 3
     ✔  Then foo is 4
