[32mEgenskap: output[0m
[32m  Eksempel: output[0m
      Gitt foo is 0
[1A[2K[32m   [32mâœ”  Gitt [0m[32mfoo is [0m[32m[1m0[0m[0m[32m[0m[32m[0m[32m[0m[0m
      NÃ¥r foo is 1
[1A[2K[32m   [32mâœ”  NÃ¥r [0m[32mfoo is [0m[32m[1m1[0m[0m[32m[0m[32m[0m[32m[0m[0m
      SÃ¥ foo is 2
[1A[2K[32m   [32mâœ”  SÃ¥ [0m[32mfoo is [0m[32m[1m2[0m[0m[32m[0m[32m[0m[32m[0m[0m
