Failed to parse: Failed to parse feature: Could not parse feature file: tests/features/output/parsing_failed.feature
