[31mFailed to parse: Failed to expand examples: Failed to resolve <bar4> at tests/features/output/unknown_scenario_outline.feature:6:5[0m
